// Jest Snapshot v1, https://goo.gl/fbAQLP

exports[`@/views/Sign-on.vue Renders Renders a form for a new user 1`] = `
<section
  class="page"
  id="sign-on"
>
  <!--v-if-->
  <!--v-if-->
</section>
`;

exports[`@/views/Sign-on.vue Renders Renders a form for a returning user 1`] = `
<section
  class="page"
  id="sign-on"
>
  <!--v-if-->
  <!--v-if-->
</section>
`;
